>See {{ chapters/intro.crv #intro }} here.
#^^^^ text.carve
#    ^^ text.carve meta.directive.include.carve punctuation.definition.directive.begin.carve
#      ^ text.carve meta.directive.include.carve
#       ^^^^^^^^^^^^^^^^^^ text.carve meta.directive.include.carve string.other.link.include.carve
#                         ^ text.carve meta.directive.include.carve
#                          ^^^^^^ text.carve meta.directive.include.carve entity.name.section.include.carve
#                                ^ text.carve meta.directive.include.carve
#                                 ^^ text.carve meta.directive.include.carve punctuation.definition.directive.end.carve
#                                   ^^^^^^^ text.carve
>{{ chapters/intro.crv }}
#^^ text.carve meta.directive.include.carve punctuation.definition.directive.begin.carve
#  ^ text.carve meta.directive.include.carve
#   ^^^^^^^^^^^^^^^^^^ text.carve meta.directive.include.carve string.other.link.include.carve
#                     ^ text.carve meta.directive.include.carve
#                      ^^ text.carve meta.directive.include.carve punctuation.definition.directive.end.carve
>{{ "chapters/an intro.crv" #intro }}
#^^ text.carve meta.directive.include.carve punctuation.definition.directive.begin.carve
#  ^ text.carve meta.directive.include.carve
#   ^^^^^^^^^^^^^^^^^^^^^^^ text.carve meta.directive.include.carve string.other.link.include.carve
#                          ^ text.carve meta.directive.include.carve
#                           ^^^^^^ text.carve meta.directive.include.carve entity.name.section.include.carve
#                                 ^ text.carve meta.directive.include.carve
#                                  ^^ text.carve meta.directive.include.carve punctuation.definition.directive.end.carve
>{{ chapters/intro.crv #intro @lang:de @depth:2 }}
#^^ text.carve meta.directive.include.carve punctuation.definition.directive.begin.carve
#  ^ text.carve meta.directive.include.carve
#   ^^^^^^^^^^^^^^^^^^ text.carve meta.directive.include.carve string.other.link.include.carve
#                     ^ text.carve meta.directive.include.carve
#                      ^^^^^^ text.carve meta.directive.include.carve entity.name.section.include.carve
#                            ^ text.carve meta.directive.include.carve
#                             ^^^^^ text.carve meta.directive.include.carve variable.parameter.include.carve
#                                  ^ text.carve meta.directive.include.carve punctuation.separator.include.carve
#                                   ^^ text.carve meta.directive.include.carve constant.other.include.carve
#                                     ^ text.carve meta.directive.include.carve
#                                      ^^^^^^ text.carve meta.directive.include.carve variable.parameter.include.carve
#                                            ^ text.carve meta.directive.include.carve punctuation.separator.include.carve
#                                             ^ text.carve meta.directive.include.carve constant.other.include.carve
#                                              ^ text.carve meta.directive.include.carve
#                                               ^^ text.carve meta.directive.include.carve punctuation.definition.directive.end.carve
>See {{chapters/intro.crv #intro}} here.
#^^^^^^^^^^^^^^^^^^^^^^^^^ text.carve
#                         ^ text.carve constant.other.symbol.tag.carve punctuation.definition.tag.carve
#                          ^^^^^ text.carve constant.other.symbol.tag.carve variable.other.tag.carve
#                               ^^^^^^^^^ text.carve
>