>#
#^^ text.carve
>
># 
#^^^ text.carve
>
>#  Title
#^ text.carve markup.heading.carve punctuation.definition.heading.carve
# ^^ text.carve markup.heading.carve
#   ^^^^^ text.carve markup.heading.carve entity.name.section.carve
>
>-
#^^ text.carve
>
>- 
#^^^ text.carve
>
>- - 
#^ text.carve markup.list.unnumbered.carve punctuation.definition.list.begin.carve
# ^ text.carve markup.list.unnumbered.carve
#  ^^^ text.carve
>
>1.
#^^^ text.carve
>
>1. 
#^^^^ text.carve
>
>::
#^^^ text.carve
>
>:: 
#^^^^ text.carve
>
>^
#^^ text.carve
>
>^ 
#^^^ text.carve
>
># H
#^ text.carve markup.heading.carve punctuation.definition.heading.carve
# ^ text.carve markup.heading.carve
#  ^ text.carve markup.heading.carve entity.name.section.carve
>
>- item
#^ text.carve markup.list.unnumbered.carve punctuation.definition.list.begin.carve
# ^ text.carve markup.list.unnumbered.carve
#  ^^^^^ text.carve
>
>- - item
#^ text.carve markup.list.unnumbered.carve punctuation.definition.list.begin.carve
# ^ text.carve markup.list.unnumbered.carve
#  ^^ text.carve markup.list.unnumbered.carve punctuation.definition.list.begin.carve
#    ^^^^^ text.carve
>
>1. item
#^^ text.carve markup.list.numbered.carve punctuation.definition.list.begin.carve
#  ^ text.carve markup.list.numbered.carve
#   ^^^^^ text.carve
>
>:: term
#^^ text.carve markup.list.definition.term.carve punctuation.definition.list.begin.carve
#  ^ text.carve markup.list.definition.term.carve
#   ^^^^^ text.carve
>
>^ cap
#^ text.carve markup.table.caption.carve punctuation.definition.caption.carve
# ^ text.carve markup.table.caption.carve
#  ^^^ text.carve markup.table.caption.carve string.unquoted.caption.carve
>