>*a **b* c
#^ text.carve punctuation.definition.bold.carve
# ^^^^^ text.carve markup.bold.carve
#      ^ text.carve punctuation.definition.bold.carve
#       ^^^ text.carve
>
>***a***
#^^^^^^^^ text.carve
>
>*a** b
#^ text.carve punctuation.definition.bold.carve
# ^ text.carve markup.bold.carve
#  ^ text.carve punctuation.definition.bold.carve
#   ^^^^ text.carve
>
>**a*
#^^^^^ text.carve
>
>a *** b
#^^^^^^^^ text.carve
>
>*a*b*
#^ text.carve punctuation.definition.bold.carve
# ^^^ text.carve markup.bold.carve
#    ^ text.carve punctuation.definition.bold.carve
>
>a ** b
#^^^^^^^ text.carve
>
>a **b** c
#^^^^^^^^^^ text.carve
>
>*a*
#^ text.carve punctuation.definition.bold.carve
# ^ text.carve markup.bold.carve
#  ^ text.carve punctuation.definition.bold.carve
>
>*a* b
#^ text.carve punctuation.definition.bold.carve
# ^ text.carve markup.bold.carve
#  ^ text.carve punctuation.definition.bold.carve
#   ^^^ text.carve
>
>*a *b** c
#^ text.carve punctuation.definition.bold.carve
# ^^^^ text.carve markup.bold.carve
#     ^ text.carve punctuation.definition.bold.carve
#      ^^^^ text.carve
>
>*a**
#^ text.carve punctuation.definition.bold.carve
# ^ text.carve markup.bold.carve
#  ^ text.carve punctuation.definition.bold.carve
#   ^^ text.carve
>
>*a***b* c
#^ text.carve punctuation.definition.bold.carve
# ^ text.carve markup.bold.carve
#  ^ text.carve punctuation.definition.bold.carve
#   ^^^^^^^ text.carve
>
>*a**b* c
#^ text.carve punctuation.definition.bold.carve
# ^ text.carve markup.bold.carve
#  ^ text.carve punctuation.definition.bold.carve
#   ^^^^^^ text.carve
>
>*a {% b** c
#^ text.carve punctuation.definition.bold.carve
# ^^^^^^ text.carve markup.bold.carve
#       ^ text.carve punctuation.definition.bold.carve
#        ^^^^ text.carve
>
>*a {# b** c
#^ text.carve punctuation.definition.bold.carve
# ^^^^^^ text.carve markup.bold.carve
#       ^ text.carve punctuation.definition.bold.carve
#        ^^^^ text.carve
>
>*a {% b* c %} d*
#^ text.carve punctuation.definition.bold.carve
# ^^ text.carve markup.bold.carve
#   ^^ text.carve markup.bold.carve comment.block.inline.carve
#     ^^^^^^ text.carve markup.bold.carve comment.block.inline.carve
#           ^^ text.carve markup.bold.carve comment.block.inline.carve
#             ^^ text.carve markup.bold.carve
#               ^ text.carve punctuation.definition.bold.carve
>
>*a {% b**c
#^ text.carve punctuation.definition.bold.carve
# ^^^^^^ text.carve markup.bold.carve
#       ^ text.carve punctuation.definition.bold.carve
#        ^^^ text.carve
>
>*a {# b**c
#^ text.carve punctuation.definition.bold.carve
# ^^^^^^ text.carve markup.bold.carve
#       ^ text.carve punctuation.definition.bold.carve
#        ^^^ text.carve
>