>![Apollo 11](apollo.jpg)
#^^ text.carve meta.image.inline.carve punctuation.definition.image.begin.carve
#  ^^^^^^^^^ text.carve meta.image.inline.carve string.other.image.alt.carve
#           ^^ text.carve meta.image.inline.carve
#             ^^^^^^^^^^ text.carve meta.image.inline.carve markup.underline.link.image.carve
#                       ^ text.carve meta.image.inline.carve
>