>> quoted
#^ text.carve markup.quote.carve punctuation.definition.quote.carve
# ^ text.carve markup.quote.carve
#  ^^^^^^ text.carve markup.quote.carve
>+
#^ text.carve markup.table.continuation.carve keyword.operator.table.continuation.carve
>- item
#^ text.carve markup.list.unnumbered.carve punctuation.definition.list.begin.carve
# ^ text.carve markup.list.unnumbered.carve
#  ^^^^^ text.carve
>