>```python
#^^^ text.carve markup.raw.block.fenced.code.carve punctuation.definition.raw.begin.carve
#   ^^^^^^ text.carve markup.raw.block.fenced.code.carve entity.name.type.language.carve
>print("hi")
#^^^^^^^^^^^^ text.carve markup.raw.block.fenced.code.carve
>```
#^^^ text.carve markup.raw.block.fenced.code.carve punctuation.definition.raw.end.carve
>