>Read the [introduction][intro] first.
#^^^^^^^^^ text.carve
#         ^ text.carve meta.link.reference.carve
#          ^^^^^^^^^^^^ text.carve meta.link.reference.carve string.other.link.title.carve
#                      ^^ text.carve meta.link.reference.carve
#                        ^^^^^ text.carve meta.link.reference.carve constant.other.reference.link.carve
#                             ^ text.carve meta.link.reference.carve
#                              ^^^^^^^^ text.carve
>
>[intro]: https://example.com/intro "Introduction"
#^^^^^^^^ text.carve meta.link.reference.definition.carve constant.other.reference.link.carve
#        ^ text.carve meta.link.reference.definition.carve
#         ^^^^^^^^^^^^^^^^^^^^^^^^^ text.carve meta.link.reference.definition.carve markup.underline.link.carve
#                                  ^ text.carve
#                                   ^ text.carve punctuation.definition.smartquote.carve
#                                    ^^^^^^^^^^^^ text.carve
#                                                ^ text.carve punctuation.definition.smartquote.carve
>