><https://example.com> and <a@b.com>
#^ text.carve meta.link.autolink.carve punctuation.definition.link.carve
# ^^^^^^^^^^^^^^^^^^^ text.carve meta.link.autolink.carve markup.underline.link.carve
#                    ^ text.carve meta.link.autolink.carve punctuation.definition.link.carve
#                     ^^^^^ text.carve
#                          ^ text.carve meta.link.autolink.email.carve punctuation.definition.link.carve
#                           ^^^^^^^ text.carve meta.link.autolink.email.carve markup.underline.link.carve
#                                  ^ text.carve meta.link.autolink.email.carve punctuation.definition.link.carve
>