>\*lit\* \[x\] \#h \@u
#^^ text.carve constant.character.escape.carve
#  ^^^ text.carve
#     ^^ text.carve constant.character.escape.carve
#       ^ text.carve
#        ^^ text.carve constant.character.escape.carve
#          ^ text.carve
#           ^^ text.carve constant.character.escape.carve
#             ^ text.carve
#              ^^ text.carve constant.character.escape.carve
#                ^^ text.carve
#                  ^^ text.carve constant.character.escape.carve
#                    ^^ text.carve
>