>{#fig-sun}
#^ text.carve meta.attributes.carve
# ^^^^^^^^ text.carve meta.attributes.carve entity.other.attribute-name.id.carve
#         ^ text.carve meta.attributes.carve
>![A sunset](sun.jpg)
#^^ text.carve meta.image.inline.carve punctuation.definition.image.begin.carve
#  ^^^^^^^^ text.carve meta.image.inline.carve string.other.image.alt.carve
#          ^^ text.carve meta.image.inline.carve
#            ^^^^^^^ text.carve meta.image.inline.carve markup.underline.link.image.carve
#                   ^ text.carve meta.image.inline.carve
>^ Figure #: A sunset
#^ text.carve markup.table.caption.carve punctuation.definition.caption.carve
# ^ text.carve markup.table.caption.carve
#  ^^^^^^^^^^^^^^^^^^ text.carve markup.table.caption.carve string.unquoted.caption.carve
>