>Press [Tab]{kbd} to indent.
#^^^^^^ text.carve
#      ^ text.carve meta.span.inline.carve punctuation.definition.span.begin.carve
#       ^^^ text.carve meta.span.inline.carve string.other.span.carve
#          ^ text.carve meta.span.inline.carve punctuation.definition.span.end.carve
#           ^^^^^ text.carve meta.attributes.carve
#                ^^^^^^^^^^^^ text.carve
>