>::: note
#^^^ text.carve markup.other.div.carve punctuation.definition.div.carve
#   ^ text.carve markup.other.div.carve
#    ^^^^ text.carve markup.other.div.carve entity.name.type.div.carve
>Body.
#^^^^^^ text.carve
>
>%%%
#^^^ text.carve comment.block.carve
>[r]: /url
#^^^^^^^^^^ text.carve comment.block.carve
>%%%
#^^^ text.carve comment.block.carve
>:::
#^^^ text.carve markup.other.div.carve punctuation.definition.div.carve
>
>[r][]
#^ text.carve meta.link.reference.carve
# ^ text.carve meta.link.reference.carve string.other.link.title.carve
#  ^^^ text.carve meta.link.reference.carve
>