>:: t
#^^ text.carve markup.list.definition.term.carve punctuation.definition.list.begin.carve
#  ^ text.carve markup.list.definition.term.carve
#   ^^ text.carve
>: ```
#^ text.carve markup.list.definition.carve punctuation.definition.list.begin.carve
# ^ text.carve markup.list.definition.carve
#  ^^^ text.carve markup.raw.block.fenced.code.carve punctuation.definition.raw.begin.carve
>code
#^^^^^ text.carve
>```
#^^^ text.carve markup.raw.block.fenced.code.carve punctuation.definition.raw.begin.carve
>