>:  [r]: /u
#^^^^^^^^^^^ text.carve
>
>see [t][r]
#^^^^ text.carve
#    ^ text.carve meta.link.reference.carve
#     ^ text.carve meta.link.reference.carve string.other.link.title.carve
#      ^^ text.carve meta.link.reference.carve
#        ^ text.carve meta.link.reference.carve constant.other.reference.link.carve
#         ^ text.carve meta.link.reference.carve
>