>##  h
#^^ text.carve markup.heading.carve punctuation.definition.heading.carve
#  ^^ text.carve markup.heading.carve
#    ^ text.carve markup.heading.carve entity.name.section.carve
>
>###   a b
#^^^ text.carve markup.heading.carve punctuation.definition.heading.carve
#   ^^^ text.carve markup.heading.carve
#      ^^^ text.carve markup.heading.carve entity.name.section.carve
>