>see[^a] and [t][r]
#^^^ text.carve
#   ^ text.carve constant.other.reference.footnote.carve punctuation.definition.footnote.carve
#    ^ text.carve constant.other.reference.footnote.carve punctuation.definition.footnote.carve
#     ^ text.carve constant.other.reference.footnote.carve constant.other.footnote.carve
#      ^ text.carve constant.other.reference.footnote.carve punctuation.definition.footnote.carve
#       ^^^^^ text.carve
#            ^ text.carve meta.link.reference.carve
#             ^ text.carve meta.link.reference.carve string.other.link.title.carve
#              ^^ text.carve meta.link.reference.carve
#                ^ text.carve meta.link.reference.carve constant.other.reference.link.carve
#                 ^ text.carve meta.link.reference.carve
>
>[r]: /u
#^^^^ text.carve meta.link.reference.definition.carve constant.other.reference.link.carve
#    ^ text.carve meta.link.reference.definition.carve
#     ^^ text.carve meta.link.reference.definition.carve markup.underline.link.carve
>
>[^a]: note
#^^^^^ text.carve meta.link.reference.definition.carve constant.other.reference.link.carve
#     ^ text.carve meta.link.reference.definition.carve
#      ^^^^ text.carve meta.link.reference.definition.carve markup.underline.link.carve
>