>[^a]: note
#^^^^^ text.carve meta.link.reference.definition.carve constant.other.reference.link.carve
#     ^ text.carve meta.link.reference.definition.carve
#      ^^^^ text.carve meta.link.reference.definition.carve markup.underline.link.carve
>
>  ```=html
#^^ text.carve markup.raw.block.fenced.code.carve
#  ^^^ text.carve markup.raw.block.fenced.code.carve punctuation.definition.raw.begin.carve
#     ^^^^^ text.carve markup.raw.block.fenced.code.carve entity.name.type.language.carve
>  <b>x</b>
#^^^^^^^^^^^ text.carve markup.raw.block.fenced.code.carve
>  <i>y</i>
#^^^^^^^^^^^ text.carve markup.raw.block.fenced.code.carve
>  ```
#^^ text.carve markup.raw.block.fenced.code.carve
#  ^^^ text.carve markup.raw.block.fenced.code.carve punctuation.definition.raw.end.carve
>
>see[^a]
#^^^ text.carve
#   ^ text.carve constant.other.reference.footnote.carve punctuation.definition.footnote.carve
#    ^ text.carve constant.other.reference.footnote.carve punctuation.definition.footnote.carve
#     ^ text.carve constant.other.reference.footnote.carve constant.other.footnote.carve
#      ^ text.carve constant.other.reference.footnote.carve punctuation.definition.footnote.carve
>