>[r]: ﻿https://e.com/
#^^^^ text.carve meta.link.reference.definition.carve constant.other.reference.link.carve
#    ^ text.carve meta.link.reference.definition.carve
#     ^^^^^^^^^^^^^^^ text.carve meta.link.reference.definition.carve markup.underline.link.carve
>
>see [x][r]
#^^^^ text.carve
#    ^ text.carve meta.link.reference.carve
#     ^ text.carve meta.link.reference.carve string.other.link.title.carve
#      ^^ text.carve meta.link.reference.carve
#        ^ text.carve meta.link.reference.carve constant.other.reference.link.carve
#         ^ text.carve meta.link.reference.carve
>