>The HTML spec is essential reading.
#^^^^^^^^^^^^^^^^^^^^^^^^^^^^^^^^^^^^ text.carve
>
>*[HTML]: HyperText Markup Language
#^ text.carve meta.abbreviation.definition.carve punctuation.definition.abbreviation.carve
# ^ text.carve meta.abbreviation.definition.carve punctuation.definition.abbreviation.carve
#  ^^^^ text.carve meta.abbreviation.definition.carve entity.name.abbreviation.carve
#      ^ text.carve meta.abbreviation.definition.carve punctuation.definition.abbreviation.carve
#       ^ text.carve meta.abbreviation.definition.carve punctuation.separator.carve
#        ^ text.carve meta.abbreviation.definition.carve
#         ^^^^^^^^^^^^^^^^^^^^^^^^^ text.carve meta.abbreviation.definition.carve string.unquoted.abbreviation.carve
>