># Getting Started
#^ text.carve markup.heading.carve punctuation.definition.heading.carve
# ^ text.carve markup.heading.carve
#  ^^^^^^^^^^^^^^^ text.carve markup.heading.carve entity.name.section.carve
>
>See </#getting-started>.
#^^^^ text.carve
#    ^^^ text.carve meta.link.cross-reference.carve punctuation.definition.link.carve
#       ^^^^^^^^^^^^^^^ text.carve meta.link.cross-reference.carve markup.underline.link.cross-reference.carve
#                      ^ text.carve meta.link.cross-reference.carve punctuation.definition.link.carve
#                       ^^ text.carve
>