>Carve has footnotes.[^fn]
#^^^^^^^^^^^^^^^^^^^^ text.carve
#                    ^ text.carve constant.other.reference.footnote.carve punctuation.definition.footnote.carve
#                     ^ text.carve constant.other.reference.footnote.carve punctuation.definition.footnote.carve
#                      ^^ text.carve constant.other.reference.footnote.carve constant.other.footnote.carve
#                        ^ text.carve constant.other.reference.footnote.carve punctuation.definition.footnote.carve
>
>[^fn]: Defined anywhere; resolved by label.
#^^^^^^ text.carve meta.link.reference.definition.carve constant.other.reference.link.carve
#      ^ text.carve meta.link.reference.definition.carve
#       ^^^^^^^ text.carve meta.link.reference.definition.carve markup.underline.link.carve
#              ^^^^^^^^^^^^^^^^^^^^^^^^^^^^^^ text.carve
>