>Carve has footnotes.[^fn]
#^^^^^^^^^^^^^^^^^^^^ text.carve
#                    ^ text.carve constant.other.reference.footnote.carve punctuation.definition.footnote.carve
#                     ^ text.carve constant.other.reference.footnote.carve punctuation.definition.footnote.carve
#                      ^^ text.carve constant.other.reference.footnote.carve constant.other.footnote.carve
#                        ^ text.carve constant.other.reference.footnote.carve punctuation.definition.footnote.carve
>
>[^fn]: Defined anywhere; resolved by label.
#^^^^^^ text.carve meta.footnote.definition.carve constant.other.reference.footnote.carve
#      ^^^^^^^^ text.carve meta.footnote.definition.carve
#              ^^^^^^^^^^^^^^^^^^^^^^^^^^^^^^ text.carve
>