># Welcome
#^ text.carve markup.heading.carve punctuation.definition.heading.carve
# ^ text.carve markup.heading.carve
#  ^^^^^^^ text.carve markup.heading.carve entity.name.section.carve
>## Getting started
#^^ text.carve markup.heading.carve punctuation.definition.heading.carve
#  ^ text.carve markup.heading.carve
#   ^^^^^^^^^^^^^^^ text.carve markup.heading.carve entity.name.section.carve
>### Setup
#^^^ text.carve markup.heading.carve punctuation.definition.heading.carve
#   ^ text.carve markup.heading.carve
#    ^^^^^ text.carve markup.heading.carve entity.name.section.carve
>