># Café Notes
#^ text.carve markup.heading.carve punctuation.definition.heading.carve
# ^ text.carve markup.heading.carve
#  ^^^^^^^^^^ text.carve markup.heading.carve entity.name.section.carve
>
># Über uns
#^ text.carve markup.heading.carve punctuation.definition.heading.carve
# ^ text.carve markup.heading.carve
#  ^^^^^^^^ text.carve markup.heading.carve entity.name.section.carve
>
># 2024 Recap
#^ text.carve markup.heading.carve punctuation.definition.heading.carve
# ^ text.carve markup.heading.carve
#  ^^^^^^^^^^ text.carve markup.heading.carve entity.name.section.carve
>
>## Setup
#^^ text.carve markup.heading.carve punctuation.definition.heading.carve
#  ^ text.carve markup.heading.carve
#   ^^^^^ text.carve markup.heading.carve entity.name.section.carve
>
>## Setup
#^^ text.carve markup.heading.carve punctuation.definition.heading.carve
#  ^ text.carve markup.heading.carve
#   ^^^^^ text.carve markup.heading.carve entity.name.section.carve
>
>{#api-v2}
#^ text.carve meta.attributes.carve
# ^^^^^^^ text.carve meta.attributes.carve entity.other.attribute-name.id.carve
#        ^ text.carve meta.attributes.carve
># API
#^ text.carve markup.heading.carve punctuation.definition.heading.carve
# ^ text.carve markup.heading.carve
#  ^^^ text.carve markup.heading.carve entity.name.section.carve
>
>See </#cafe-notes>, </#section-2024-recap>, </#setup-2>, and </#api-v2>.
#^^^^^ text.carve
#     ^ text.carve markup.italic.carve punctuation.definition.italic.carve
#      ^^^^^^^^^^^^^^^ text.carve markup.italic.carve markup.italic.carve
#                     ^ text.carve markup.italic.carve punctuation.definition.italic.carve
#                      ^ text.carve constant.other.symbol.tag.carve punctuation.definition.tag.carve
#                       ^^^^^^^^^^^^^^^^^^ text.carve constant.other.symbol.tag.carve variable.other.tag.carve
#                                         ^^^^ text.carve
#                                             ^ text.carve markup.italic.carve punctuation.definition.italic.carve
#                                              ^^^^^^^^^^^^^^^^ text.carve markup.italic.carve markup.italic.carve
#                                                              ^ text.carve markup.italic.carve punctuation.definition.italic.carve
#                                                               ^ text.carve constant.other.symbol.tag.carve punctuation.definition.tag.carve
#                                                                ^^^^^^ text.carve constant.other.symbol.tag.carve variable.other.tag.carve
#                                                                      ^^^ text.carve
>