>A note^[see *later*] inline. And a ref[^a].
#^^^^^^ text.carve
#      ^^ text.carve meta.footnote.inline.carve punctuation.definition.footnote.carve
#        ^^^^ text.carve meta.footnote.inline.carve
#            ^ text.carve meta.footnote.inline.carve markup.bold.carve punctuation.definition.bold.carve
#             ^^^^^ text.carve meta.footnote.inline.carve markup.bold.carve markup.bold.carve
#                  ^ text.carve meta.footnote.inline.carve markup.bold.carve punctuation.definition.bold.carve
#                   ^ text.carve meta.footnote.inline.carve punctuation.definition.footnote.carve
#                    ^^^^^^^^^^^^^^^^^^ text.carve
#                                      ^ text.carve constant.other.reference.footnote.carve punctuation.definition.footnote.carve
#                                       ^ text.carve constant.other.reference.footnote.carve punctuation.definition.footnote.carve
#                                        ^ text.carve constant.other.reference.footnote.carve constant.other.footnote.carve
#                                         ^ text.carve constant.other.reference.footnote.carve punctuation.definition.footnote.carve
#                                          ^^ text.carve
>
>[^a]: reference body.
#^^^^^ text.carve meta.link.reference.definition.carve constant.other.reference.link.carve
#     ^ text.carve meta.link.reference.definition.carve
#      ^^^^^^^^^ text.carve meta.link.reference.definition.carve markup.underline.link.carve
#               ^^^^^^^ text.carve
>