>Press :kbd[Ctrl+C] to copy.
#^^^^^^ text.carve
#      ^ text.carve meta.extension.inline.carve punctuation.definition.extension.carve
#       ^^^ text.carve meta.extension.inline.carve entity.name.function.extension.carve
#          ^ text.carve meta.extension.inline.carve punctuation.definition.extension.carve
#           ^^^^^^ text.carve meta.extension.inline.carve string.unquoted.extension.carve
#                 ^ text.carve meta.extension.inline.carve punctuation.definition.extension.carve
#                  ^^^^^^^^^^ text.carve
>