>Read [Djot](https://djot.net) for details.
#^^^^^ text.carve
#     ^ text.carve meta.link.inline.carve punctuation.definition.link.begin.carve
#      ^^^^ text.carve meta.link.inline.carve string.other.link.title.carve
#          ^ text.carve meta.link.inline.carve punctuation.definition.link.end.carve
#           ^ text.carve meta.link.inline.carve punctuation.definition.metadata.begin.carve
#            ^^^^^^^^^^^^^^^^ text.carve meta.link.inline.carve markup.underline.link.carve
#                            ^ text.carve meta.link.inline.carve punctuation.definition.metadata.end.carve
#                             ^^^^^^^^^^^^^^ text.carve
>