>Inline $`E = mc^2` and currency $5 stays literal.
#^^^^^^^ text.carve
#       ^ text.carve markup.other.math.inline.carve punctuation.definition.math.carve
#        ^ text.carve markup.other.math.inline.carve punctuation.definition.raw.carve
#         ^^^^^^^^ text.carve markup.other.math.inline.carve markup.other.math.content.carve
#                 ^ text.carve markup.other.math.inline.carve punctuation.definition.raw.carve
#                  ^^^^^^^^^^^^^^^^^^^^^^^^^^^^^^^^ text.carve
>
>$$`\int_0^1 x\,dx`
#^^ text.carve markup.other.math.display.carve punctuation.definition.math.carve
#  ^ text.carve markup.other.math.display.carve punctuation.definition.raw.carve
#   ^^^^^^^^^^^^^^ text.carve markup.other.math.display.carve markup.other.math.content.carve
#                 ^ text.carve markup.other.math.display.carve punctuation.definition.raw.carve
>