>H{,2,}O and E=mc{^2^}
#^ text.carve
# ^^ text.carve markup.subscript.carve punctuation.definition.subscript.carve
#   ^ text.carve markup.subscript.carve markup.subscript.carve
#    ^^ text.carve markup.subscript.carve punctuation.definition.subscript.carve
#      ^^^^^^^^^^ text.carve
#                ^^ text.carve markup.superscript.carve punctuation.definition.superscript.carve
#                  ^ text.carve markup.superscript.carve markup.superscript.carve
#                   ^^ text.carve markup.superscript.carve punctuation.definition.superscript.carve
>