>|= Fruit |= Price |
#^^ text.carve markup.table.row.carve keyword.operator.table.header.carve
#  ^^^^^^^ text.carve markup.table.row.carve
#         ^^ text.carve markup.table.row.carve keyword.operator.table.header.carve
#           ^^^^^^^ text.carve markup.table.row.carve
#                  ^ text.carve markup.table.row.carve punctuation.separator.table.carve
>| Apple  | $1     |
#^ text.carve markup.table.row.carve punctuation.separator.table.carve
# ^^^^^^^^ text.carve markup.table.row.carve
#         ^ text.carve markup.table.row.carve punctuation.separator.table.carve
#          ^^^^^^^^ text.carve markup.table.row.carve
#                  ^ text.carve markup.table.row.carve punctuation.separator.table.carve
>| Pear   | $2     |
#^ text.carve markup.table.row.carve punctuation.separator.table.carve
# ^^^^^^^^ text.carve markup.table.row.carve
#         ^ text.carve markup.table.row.carve punctuation.separator.table.carve
#          ^^^^^^^^ text.carve markup.table.row.carve
#                  ^ text.carve markup.table.row.carve punctuation.separator.table.carve
>^ Fruit prices
#^ text.carve markup.table.caption.carve punctuation.definition.caption.carve
# ^ text.carve markup.table.caption.carve
#  ^^^^^^^^^^^^ text.carve markup.table.caption.carve string.unquoted.caption.carve
>