>1. a
#^^ text.carve markup.list.numbered.carve punctuation.definition.list.begin.carve
#  ^ text.carve markup.list.numbered.carve
#   ^^ text.carve
>    > quote
#^^^^ text.carve markup.quote.carve
#    ^ text.carve markup.quote.carve punctuation.definition.quote.carve
#     ^ text.carve markup.quote.carve
#      ^^^^^ text.carve markup.quote.carve
>