>[Example][ex] and [again][ex]
#^ text.carve meta.link.reference.carve
# ^^^^^^^ text.carve meta.link.reference.carve string.other.link.title.carve
#        ^^ text.carve meta.link.reference.carve
#          ^^ text.carve meta.link.reference.carve constant.other.reference.link.carve
#            ^ text.carve meta.link.reference.carve
#             ^^^^^ text.carve
#                  ^ text.carve meta.link.reference.carve
#                   ^^^^^ text.carve meta.link.reference.carve string.other.link.title.carve
#                        ^^ text.carve meta.link.reference.carve
#                          ^^ text.carve meta.link.reference.carve constant.other.reference.link.carve
#                            ^ text.carve meta.link.reference.carve
>
>[ex]: https://example.com {.external}
#^^^^^ text.carve meta.link.reference.definition.carve constant.other.reference.link.carve
#     ^ text.carve meta.link.reference.definition.carve
#      ^^^^^^^^^^^^^^^^^^^ text.carve meta.link.reference.definition.carve markup.underline.link.carve
#                         ^ text.carve meta.link.reference.definition.carve
#                          ^ text.carve meta.link.reference.definition.carve meta.attributes.carve
#                           ^^^^^^^^^ text.carve meta.link.reference.definition.carve meta.attributes.carve entity.other.attribute-name.class.carve
#                                    ^ text.carve meta.link.reference.definition.carve meta.attributes.carve
>